// Jest Snapshot v1, https://goo.gl/fbAQLP

exports[`repo service getConnectionsFromRepo() successfully reads and parses connections.yaml #7vAlyp 1`] = `
Array [
  Object {
    "folder": "bob",
    "id": "bob",
    "name": "Bob",
    "remote": "https://git.example.tld/alice/bob.git",
  },
  Object {
    "folder": "charlie",
    "id": "charlie",
    "name": "Charlie",
    "remote": "https://git.example.tld/alice/charlie.git",
  },
]
`;
