// Jest Snapshot v1, https://goo.gl/fbAQLP

exports[`redux e2e init Produces a consistent state #uvVYtC 1`] = `
Object {
  "__plans": Object {
    "me": Object {
      "myPlans": Object {
        "entities": Object {
          "/e2e/myplans/plans/alice/example-plan/index.md": Object {
            "description": "again
",
            "id": "/e2e/myplans/plans/alice/example-plan/index.md",
            "name": "Example Plan",
            "path": "/e2e/myplans/plans/alice/example-plan",
            "slug": "example-plan",
            "userId": "me",
          },
          "/e2e/myplans/plans/alice/prime/index.md": Object {
            "description": "Amazon Prime. Germany only.
",
            "id": "/e2e/myplans/plans/alice/prime/index.md",
            "name": "Prime",
            "path": "/e2e/myplans/plans/alice/prime",
            "slug": "prime",
            "userId": "me",
          },
        },
        "ids": Array [
          "/e2e/myplans/plans/alice/example-plan/index.md",
          "/e2e/myplans/plans/alice/prime/index.md",
        ],
      },
      "repos": Object {
        "entities": Object {
          "bob": Object {
            "currentHeadCommitHash": "73d2e91ee2a0d24452b5811e401fe79896f02361",
            "id": "bob",
            "lastFetchTimestampSeconds": 1591281,
            "name": "Bob",
            "path": "/e2e/repos/bob",
            "remote": "http://localhost:8174/bob.git",
            "slug": "bob",
          },
          "charlie": Object {
            "currentHeadCommitHash": "32c9584d3e33993fa8af989bef8b8101312935cd",
            "id": "charlie",
            "lastFetchTimestampSeconds": 1591281,
            "name": "Charlie",
            "path": "/e2e/repos/charlie",
            "remote": "http://localhost:8174/charlie.git",
            "slug": "charlie",
          },
        },
        "ids": Array [
          "bob",
          "charlie",
        ],
      },
    },
    "plans": Object {
      "plans": Object {
        "entities": Object {
          "/e2e/repos/bob/plans/bob/nordvpn/index.md": Object {
            "description": "My NordVPN account doesn't get so much use, happy to share.
",
            "id": "/e2e/repos/bob/plans/bob/nordvpn/index.md",
            "name": "NordVPN",
            "path": "/e2e/repos/bob/plans/bob/nordvpn",
            "slug": "nordvpn",
            "userId": "/e2e/repos/bob/plans/bob",
          },
          "/e2e/repos/bob/plans/bob/spotify/index.md": Object {
            "description": "I have a spotify account in DE and can share it.

",
            "id": "/e2e/repos/bob/plans/bob/spotify/index.md",
            "name": "Spotify",
            "path": "/e2e/repos/bob/plans/bob/spotify",
            "slug": "spotify",
            "userId": "/e2e/repos/bob/plans/bob",
          },
          "/e2e/repos/charlie/plans/charlie/pia/index.md": Object {
            "description": "I have a VPN that allows multiple devices, share it...
",
            "id": "/e2e/repos/charlie/plans/charlie/pia/index.md",
            "name": "Private Internet Access",
            "path": "/e2e/repos/charlie/plans/charlie/pia",
            "slug": "pia",
            "userId": "/e2e/repos/charlie/plans/charlie",
          },
        },
        "ids": Array [
          "/e2e/repos/bob/plans/bob/nordvpn/index.md",
          "/e2e/repos/bob/plans/bob/spotify/index.md",
          "/e2e/repos/charlie/plans/charlie/pia/index.md",
        ],
      },
      "users": Object {
        "entities": Object {
          "/e2e/repos/bob/plans/bob": Object {
            "description": "Will be loaded soon",
            "id": "/e2e/repos/bob/plans/bob",
            "name": "Name Coming Soon",
            "path": "/e2e/repos/bob/plans/bob",
            "repoId": "bob",
            "slug": "bob",
          },
          "/e2e/repos/charlie/plans/charlie": Object {
            "description": "Will be loaded soon",
            "id": "/e2e/repos/charlie/plans/charlie",
            "name": "Name Coming Soon",
            "path": "/e2e/repos/charlie/plans/charlie",
            "repoId": "charlie",
            "slug": "charlie",
          },
        },
        "ids": Array [
          "/e2e/repos/bob/plans/bob",
          "/e2e/repos/charlie/plans/charlie",
        ],
      },
    },
    "startup": Object {
      "initCompleted": true,
      "initStarted": true,
      "myUsername": "alice",
    },
  },
}
`;
