// Jest Snapshot v1, https://goo.gl/fbAQLP

exports[`boot.service getSharingKey Returns the correct key #bGobvl 1`] = `"SHARING_foo_aHR0cDovL3BsYW5zOnBhc3NAbG9jYWxob3N0OjgwMDAvZm9vL3BsYW5zLmdpdA=="`;
