// Jest Snapshot v1, https://goo.gl/fbAQLP

exports[`plans.service getPlanDataFromIndexFilePath() Fetches data from plan index file #DakdZI 1`] = `
Object {
  "content": "OMG Yes subscription
",
  "data": Object {
    "name": "OMG Yes",
  },
}
`;

exports[`plans.service getPlanFilesFromDirectory() Retrieves correct file list #O3ztrx 1`] = `
Object {
  "indexFile": Object {
    "path": "alice/charlie/plans/charlie/omgyes/index.md",
    "slug": "index.md",
  },
  "messageFiles": Array [
    Object {
      "path": "alice/charlie/plans/charlie/omgyes/message-1590595620.md",
      "slug": "message-1590595620.md",
    },
    Object {
      "path": "alice/charlie/plans/charlie/omgyes/message-1590595860.md",
      "slug": "message-1590595860.md",
    },
  ],
}
`;
